// Jest Snapshot v1, https://goo.gl/fbAQLP

exports[`it matches snapshot 1`] = `
<DocumentFragment>
  <div
    class="container"
  >
    <div
      class="row"
      id="title"
    >
      <div
        class="spinner-border"
        role="status"
      >
        <span
          class="sr-only"
        >
          Loading...
        </span>
      </div>
    </div>
    <div
      class="row"
    >
      <div
        class="col"
      />
      <div
        class="col-6"
      >
        <svg
          fill="currentColor"
          height="10em"
          stroke="currentColor"
          stroke-width="0"
          viewBox="0 0 24 24"
          width="10em"
          xmlns="http://www.w3.org/2000/svg"
        >
          <g>
            <path
              d="M0 0h24v24H0z"
              fill="none"
            />
            <path
              d="M2 19V8H1V6h3V4a1 1 0 0 1 1-1h14a1 1 0 0 1 1 1v2h3v2h-1v11h1v2H1v-2h1zm11 0v-7h-2v7h2zm-5 0v-7H6v7h2zm10 0v-7h-2v7h2zM6 5v1h12V5H6z"
            />
          </g>
        </svg>
      </div>
      <div
        class="col"
      />
    </div>
    <div
      class="row"
      id="card"
    >
      <div
        class="col"
      >
        <div
          class="spinner-border"
          role="status"
        >
          <span
            class="sr-only"
          >
            Loading...
          </span>
        </div>
      </div>
    </div>
    <hr />
    <div
      class="row"
      id="directions"
    >
      <div
        class="col"
      >
        <h2>
          For More Information, Scroll Down
        </h2>
      </div>
    </div>
    <div
      class="row"
      id="arrow"
    >
      <div
        class="col"
      >
        <svg
          color="white"
          fill="currentColor"
          height="10em"
          stroke="currentColor"
          stroke-width="0"
          style="color: white;"
          viewBox="0 0 448 512"
          width="10em"
          xmlns="http://www.w3.org/2000/svg"
        >
          <path
            d="M413.1 222.5l22.2 22.2c9.4 9.4 9.4 24.6 0 33.9L241 473c-9.4 9.4-24.6 9.4-33.9 0L12.7 278.6c-9.4-9.4-9.4-24.6 0-33.9l22.2-22.2c9.5-9.5 25-9.3 34.3.4L184 343.4V56c0-13.3 10.7-24 24-24h32c13.3 0 24 10.7 24 24v287.4l114.8-120.5c9.3-9.8 24.8-10 34.3-.4z"
          />
        </svg>
      </div>
    </div>
    <div
      class="row"
      id="tables"
    >
      <div
        class="col"
      >
        <h3>
          Complete Bill Actions
        </h3>
      </div>
      <div
        class="col"
      >
        <h3>
          Complete Bill Vote List
        </h3>
      </div>
    </div>
  </div>
</DocumentFragment>
`;

exports[`renders without crashing and matches snapshot 1`] = `
<DocumentFragment>
  <table
    class="table table-light table-striped table-bordered table-hover"
  >
    <thead>
      <tr>
        <td>
          Date
        </td>
        <td>
          Chamber
        </td>
        <td>
          Action Type
        </td>
        <td>
          Description
        </td>
      </tr>
    </thead>
    <tbody>
      <tr>
        <td>
          2020-12-30
        </td>
        <td>
          Senate
        </td>
        <td>
          Floor
        </td>
        <td>
          Cloture motion on the veto message presented in Senate.
        </td>
      </tr>
      <tr>
        <td>
          2020-12-30
        </td>
        <td>
          Senate
        </td>
        <td>
          Veto
        </td>
        <td>
          Veto Message considered in Senate.
        </td>
      </tr>
      <tr>
        <td>
          2020-12-30
        </td>
        <td>
          Senate
        </td>
        <td>
          Floor
        </td>
        <td>
          Motion to proceed to consideration of the veto message on H.R. 6395 agreed to in Senate by Yea-Nay Vote. 80 - 12. Record Vote Number: 290.
        </td>
      </tr>
      <tr>
        <td>
          2020-12-30
        </td>
        <td>
          Senate
        </td>
        <td>
          Veto
        </td>
        <td>
          Veto Message considered in Senate. (consideration: CR S7982-7983)
        </td>
      </tr>
      <tr>
        <td>
          2020-12-29
        </td>
        <td>
          Senate
        </td>
        <td>
          Veto
        </td>
        <td>
          Veto message received in Senate. Ordered held at the desk.
        </td>
      </tr>
      <tr>
        <td>
          2020-12-28
        </td>
        <td>
          House
        </td>
        <td>
          Floor
        </td>
        <td>
          The Chair directed the Clerk to notify the Senate of the action of the House.
        </td>
      </tr>
      <tr>
        <td>
          2020-12-28
        </td>
        <td>
          House
        </td>
        <td>
          Veto
        </td>
        <td>
          Two-thirds of the Members present having voted in the affirmative the bill is passed, the objections of the President to the contrary notwithstanding. Passed by the Yeas and Nays: (2/3 required): 322 - 87 (Roll no. 253).
        </td>
      </tr>
      <tr>
        <td>
          2020-12-28
        </td>
        <td>
          House
        </td>
        <td>
          Floor
        </td>
        <td>
          UNFINISHED BUSINESS - The Chair announced the unfinished business was on passage of H.R. 6395, the objections of the President to the contrary notwithstanding.
        </td>
      </tr>
      <tr>
        <td>
          2020-12-28
        </td>
        <td>
          House
        </td>
        <td>
          Floor
        </td>
        <td>
          POSTPONED PROCEEDINGS - Pursuant to clause 8, Rule XX, the Chair postponed further proceedings on the question on passage of H.R. 6395, the objections of the President to the contrary notwithstanding, until later in the legislative day.
        </td>
      </tr>
      <tr>
        <td>
          2020-12-28
        </td>
        <td>
          House
        </td>
        <td>
          Floor
        </td>
        <td>
          The previous question was ordered without objection.
        </td>
      </tr>
      <tr>
        <td>
          2020-12-28
        </td>
        <td>
          House
        </td>
        <td>
          Floor
        </td>
        <td>
          DEBATE - The House proceeded with one hour of debate on the question on passage of H.R. 6395, the objections of the President to the contrary, notwithstanding.
        </td>
      </tr>
      <tr>
        <td>
          2020-12-28
        </td>
        <td>
          House
        </td>
        <td>
          Floor
        </td>
        <td>
          Pursuant to section 4 of H. Res. 1271, the Chair announced that the unfinished business was the further consideration of the veto message of the President on H.R. 6395.
        </td>
      </tr>
      <tr>
        <td>
          2020-12-28
        </td>
        <td>
          House
        </td>
        <td>
          Veto
        </td>
        <td>
          The Chair laid before the House the veto message from the President.
        </td>
      </tr>
      <tr>
        <td>
          2020-12-28
        </td>
        <td>
          House
        </td>
        <td>
          Floor
        </td>
        <td>
          UNFINISHED BUSINESS - The Chair announced the unfinished business was on passage of H.R. 6395, the objections of the President to the contrary notwithstanding. (consideration: CR H9163-9164)
        </td>
      </tr>
      <tr>
        <td>
          2020-12-28
        </td>
        <td>
          House
        </td>
        <td>
          Veto
        </td>
        <td>
          The Chair laid before the House the veto message from the President. (consideration: CR H9160-9163)
        </td>
      </tr>
      <tr>
        <td>
          2020-12-24
        </td>
        <td>
          House
        </td>
        <td>
          Floor
        </td>
        <td>
          Pursuant to section 4 of H. Res. 1271, further consideration of the veto message on H.R. 6395 will be postponed until Monday, December 28, 2020.
        </td>
      </tr>
      <tr>
        <td>
          2020-12-24
        </td>
        <td>
          House
        </td>
        <td>
          Floor
        </td>
        <td>
          The Chair announced that pursuant to section 4 of H. Res. 1271, further consideration of the veto message and the bill will be postponed until Monday, December 28, 2020.
        </td>
      </tr>
      <tr>
        <td>
          2020-12-24
        </td>
        <td>
          House
        </td>
        <td>
          Floor
        </td>
        <td>
          The Chair announced that the objections of the President to H.R. 6395 would be spread at large upon the Journal and the veto message would be printed as a House Document (116-174).
        </td>
      </tr>
      <tr>
        <td>
          2020-12-24
        </td>
        <td>
          House
        </td>
        <td>
          Floor
        </td>
        <td>
          The Chair laid before the House the veto message from the President.
        </td>
      </tr>
      <tr>
        <td>
          2020-12-24
        </td>
        <td>
          House
        </td>
        <td>
          Floor
        </td>
        <td>
          The Chair laid before the House the veto message from the President. (consideration: CR H9150; text: CR H9150)
        </td>
      </tr>
      <tr>
        <td>
          2020-12-23
        </td>
        <td />
        <td>
          President
        </td>
        <td>
          Vetoed by President.
        </td>
      </tr>
      <tr>
        <td>
          2020-12-11
        </td>
        <td>
          House
        </td>
        <td>
          Floor
        </td>
        <td>
          Presented to President.
        </td>
      </tr>
      <tr>
        <td>
          2020-12-11
        </td>
        <td>
          Senate
        </td>
        <td>
          Floor
        </td>
        <td>
          Message on Senate action sent to the House.
        </td>
      </tr>
      <tr>
        <td>
          2020-12-11
        </td>
        <td>
          Senate
        </td>
        <td>
          ResolvingDifferences
        </td>
        <td>
          Senate agreed to conference report by Yea-Nay Vote. 84 - 13. Record Vote Number: 264.
        </td>
      </tr>
      <tr>
        <td>
          2020-12-11
        </td>
        <td>
          Senate
        </td>
        <td>
          Floor
        </td>
        <td>
          Cloture on the conference report to accompany H.R. 6395 invoked in Senate by Yea-Nay Vote. 84 - 13. Record Vote Number: 263.
        </td>
      </tr>
      <tr>
        <td>
          2020-12-11
        </td>
        <td>
          Senate
        </td>
        <td>
          ResolvingDifferences
        </td>
        <td>
          Conference report considered in Senate.
        </td>
      </tr>
      <tr>
        <td>
          2020-12-11
        </td>
        <td>
          Senate
        </td>
        <td>
          Floor
        </td>
        <td>
          Cloture on the conference report to accompany H.R. 6395 invoked in Senate by Yea-Nay Vote. 84 - 13. Record Vote Number: 263. (CR S7437)
        </td>
      </tr>
      <tr>
        <td>
          2020-12-11
        </td>
        <td>
          Senate
        </td>
        <td>
          ResolvingDifferences
        </td>
        <td>
          Conference report considered in Senate. (consideration: CR S7437, S7442-7443)
        </td>
      </tr>
      <tr>
        <td>
          2020-12-10
        </td>
        <td>
          Senate
        </td>
        <td>
          ResolvingDifferences
        </td>
        <td>
          Conference report considered in Senate.
        </td>
      </tr>
      <tr>
        <td>
          2020-12-10
        </td>
        <td>
          Senate
        </td>
        <td>
          ResolvingDifferences
        </td>
        <td>
          Conference report considered in Senate. (consideration: CR S7381-7393, S7395-7396, S7398-7416)
        </td>
      </tr>
      <tr>
        <td>
          2020-12-10
        </td>
        <td>
          Senate
        </td>
        <td>
          ResolvingDifferences
        </td>
        <td>
          Conference report considered in Senate. (consideration: CR S7381-7393, 7395-7396, 7398-7416)
        </td>
      </tr>
      <tr>
        <td>
          2020-12-09
        </td>
        <td>
          Senate
        </td>
        <td>
          Floor
        </td>
        <td>
          Cloture motion on the conference report to accompany H.R. 6395 presented in Senate.
        </td>
      </tr>
      <tr>
        <td>
          2020-12-09
        </td>
        <td>
          Senate
        </td>
        <td>
          ResolvingDifferences
        </td>
        <td>
          Conference report considered in Senate.
        </td>
      </tr>
      <tr>
        <td>
          2020-12-09
        </td>
        <td>
          Senate
        </td>
        <td>
          Floor
        </td>
        <td>
          Cloture motion on the conference report to accompany H.R. 6395 presented in Senate. (CR S7318)
        </td>
      </tr>
      <tr>
        <td>
          2020-12-09
        </td>
        <td>
          Senate
        </td>
        <td>
          ResolvingDifferences
        </td>
        <td>
          Conference report considered in Senate. (consideration: CR S7317-7318)
        </td>
      </tr>
      <tr>
        <td>
          2020-12-08
        </td>
        <td>
          Senate
        </td>
        <td>
          ResolvingDifferences
        </td>
        <td>
          Conference papers: message on House action held at the desk in Senate.
        </td>
      </tr>
      <tr>
        <td>
          2020-12-08
        </td>
        <td>
          House
        </td>
        <td>
          ResolvingDifferences
        </td>
        <td>
          Motions to reconsider laid on the table Agreed to without objection.
        </td>
      </tr>
      <tr>
        <td>
          2020-12-08
        </td>
        <td>
          House
        </td>
        <td>
          ResolvingDifferences
        </td>
        <td>
          On agreeing to the conference report Agreed to by the Yeas and Nays: 335 - 78, 1 Present (Roll no. 238).
        </td>
      </tr>
      <tr>
        <td>
          2020-12-08
        </td>
        <td>
          House
        </td>
        <td>
          ResolvingDifferences
        </td>
        <td>
          The House proceeded to consider the conference report H.Rept. 116-617 as unfinished business. (consideration: CR H7021)
        </td>
      </tr>
      <tr>
        <td>
          2020-12-08
        </td>
        <td>
          House
        </td>
        <td>
          ResolvingDifferences
        </td>
        <td>
          The House proceeded to consider the conference report H.Rept. 116-617 as unfinished business.
        </td>
      </tr>
      <tr>
        <td>
          2020-12-08
        </td>
        <td>
          House
        </td>
        <td>
          ResolvingDifferences
        </td>
        <td>
          Mr. Smith (WA) brought up conference report H. Rept. 116-617 by previously agreed to special order. (consideration: CR H6919-6935)
        </td>
      </tr>
      <tr>
        <td>
          2020-12-08
        </td>
        <td>
          House
        </td>
        <td>
          Floor
        </td>
        <td>
          POSTPONED PROCEEDINGS - At the conclusion of debate on the conference report to accompany H.R. 6395, the Chair put the question on adoption of the conference report and by voice vote, announced that the ayes had prevailed. Mr. Smith (WA) demanded the yeas and nays and the Chair postponed further proceedings on ordering the previous question until a time to be announced.
        </td>
      </tr>
      <tr>
        <td>
          2020-12-08
        </td>
        <td>
          House
        </td>
        <td>
          ResolvingDifferences
        </td>
        <td>
          The previous question was ordered without objection.
        </td>
      </tr>
      <tr>
        <td>
          2020-12-08
        </td>
        <td>
          House
        </td>
        <td>
          Floor
        </td>
        <td>
          DEBATE - The House proceeded with one hour of debate on the conference report to accompany H.R. 6395.
        </td>
      </tr>
      <tr>
        <td>
          2020-12-08
        </td>
        <td>
          House
        </td>
        <td>
          ResolvingDifferences
        </td>
        <td>
          Mr. Smith (WA) brought up conference report H. Rept. 116-617 by previously agreed to special order.
        </td>
      </tr>
      <tr>
        <td>
          2020-12-03
        </td>
        <td>
          Senate
        </td>
        <td>
          ResolvingDifferences
        </td>
        <td>
          Conference papers: Senate report and manager's statement held at the desk in Senate.
        </td>
      </tr>
      <tr>
        <td>
          2020-12-03
        </td>
        <td>
          Senate
        </td>
        <td>
          ResolvingDifferences
        </td>
        <td>
          Conferees agreed to file conference report.
        </td>
      </tr>
      <tr>
        <td>
          2020-12-03
        </td>
        <td>
          House
        </td>
        <td>
          Floor
        </td>
        <td>
          ORDER OF PROCEDURE - Mr. McGovern asked unanimous consent that it be in order at any time to consider a conference report to accompany H.R. 6395; that all points of order against the conference report and against its consideration be waived; that the conference report be considered as read; and that the previous question be considered as ordered on the conference report to its adoption without intervening motion except: (1) one hour of debate; and (2) one motion to recommit if applicable.
        </td>
      </tr>
      <tr>
        <td>
          2020-12-03
        </td>
        <td>
          House
        </td>
        <td>
          ResolvingDifferences
        </td>
        <td>
          Conference report H. Rept. 116-617 filed.
        </td>
      </tr>
      <tr>
        <td>
          2020-12-02
        </td>
        <td>
          Senate
        </td>
        <td>
          Floor
        </td>
        <td>
          Message on Senate action sent to the House.
        </td>
      </tr>
      <tr>
        <td>
          2020-12-02
        </td>
        <td>
          Senate
        </td>
        <td>
          ResolvingDifferences
        </td>
        <td>
          Senate insists on its amendment, agrees to request for a conference, appoints conferees Inhofe; Wicker; Fischer; Cotton; Rounds; Ernst; Tillis; Sullivan; Perdue; Cramer; Thune; Scott FL; Blackburn; Hawley; Reed; Shaheen; Gillibrand; Blumenthal; Hirono; Kaine; King; Heinrich; Warren; Peters; Manchin; Duckworth; Jones.
        </td>
      </tr>
      <tr>
        <td>
          2020-12-02
        </td>
        <td>
          Senate
        </td>
        <td>
          Floor
        </td>
        <td>
          Measure laid before Senate by unanimous consent.
        </td>
      </tr>
      <tr>
        <td>
          2020-12-02
        </td>
        <td>
          Senate
        </td>
        <td>
          Floor
        </td>
        <td>
          Measure laid before Senate by unanimous consent. (consideration: CR S7145)
        </td>
      </tr>
      <tr>
        <td>
          2020-11-30
        </td>
        <td>
          Senate
        </td>
        <td>
          Floor
        </td>
        <td>
          Message on House action received in Senate and at desk: House requests a conference.
        </td>
      </tr>
      <tr>
        <td>
          2020-11-18
        </td>
        <td>
          House
        </td>
        <td>
          ResolvingDifferences
        </td>
        <td>
          Mr. Smith (WA) asked unanimous consent that the House disagree to the Senate amendment, and request a conference. (consideration: CR H5924-5925)
        </td>
      </tr>
      <tr>
        <td>
          2020-11-18
        </td>
        <td>
          House
        </td>
        <td>
          ResolvingDifferences
        </td>
        <td>
          The Speaker appointed conferees - from the Committee on Ways and Means for consideration of secs. 1276, 7103, and 7104 of the House bill, and sec. 6003 of the Senate amendment, and modifications committed to conference: Neal, Panetta, and Wenstrup.
        </td>
      </tr>
      <tr>
        <td>
          2020-11-18
        </td>
        <td>
          House
        </td>
        <td>
          ResolvingDifferences
        </td>
        <td>
          The Speaker appointed conferees - from the Committee on Veterans' Affairs for consideration of secs. 525, 534, 535, 540A, 540B, 540C, 540E, 540H, 546, 551-53, 560B, 560E, 560F, 560G, 560H, 718, 724, 731, 734, 750H, 752-54, 760, 831, 1101, 1411, 1764, 1790, 1802, and 5502 of the House bill, and secs. 741, 744, 753, 762-64, 935, 1089, 1090A, 1090B, 1421, and 6085 of the Senate amendment, and modifications committed to conference: Takano, Lamb, and Bilirakis.
        </td>
      </tr>
      <tr>
        <td>
          2020-11-18
        </td>
        <td>
          House
        </td>
        <td>
          ResolvingDifferences
        </td>
        <td>
          The Speaker appointed conferees - from the Committee on Transportation and Infrastructure for consideration of secs. 311, 312, 332, 560G, 601, 829, 830B, 912, 1101, 1732, 1750, 1760, 1768, 1809, 3501, 3504, 3505, 3507-09, 3510C, 3510D, 5103, and division H of the House bill, and secs. 178, 1087, 1635, 3501, 5237, 5246, 6089, and subtitle I of title LX of division E of the Senate amendment, and modifications committed to conference: Huffman, Rouda, and Gibbs.
        </td>
      </tr>
      <tr>
        <td>
          2020-11-18
        </td>
        <td>
          House
        </td>
        <td>
          ResolvingDifferences
        </td>
        <td>
          The Speaker appointed conferees - from the Committee on Small Business for consideration of secs. 831-33, 835-40, 840A, 841, 844, and 1633 of the House bill, and secs. 871, 872, 1642, 5871-75, and 5877 of the Senate amendment, and modifications committed to conference: Velazquez, Golden, and Chabot.
        </td>
      </tr>
      <tr>
        <td>
          2020-11-18
        </td>
        <td>
          House
        </td>
        <td>
          ResolvingDifferences
        </td>
        <td>
          The Speaker appointed conferees - from the Committee on Science, Space, and Technology for consideration of sec. 229, subtitle D of title II of division A, secs. 327, 333, 341, 1744, 1771, 1806, 1807, 1821, 1824, 1825, division E, secs. 5502 and 10104 of the House bill, and secs. 318, 1098, 1099, subtitle C of title LII of division E, secs. 5231-38, and 6087 of the Senate amendment, and modifications committed to conference: Johnson (TX), Sherrill, and Garcia (CA).
        </td>
      </tr>
      <tr>
        <td>
          2020-11-18
        </td>
        <td>
          House
        </td>
        <td>
          ResolvingDifferences
        </td>
        <td>
          The Speaker appointed conferees - from the Committee on Oversight and Reform for consideration of secs. 373, 813, 815, 825, 830B, 833, 848, 1101, 1102, 1104, 1105, 1108, 1111, 1114, 1115, subititles B and C of title XI of division A, secs. 1635, 1639, 1640C, subtitle B of title XVII of division A, secs. 1744, 1745, 1769, 1770, 1774, 1793, 1808, 9208, and 11410 of the House bill, and secs. 631, 1103-06, 1109-13, 5244, 6047, and 9306 of the Senate amendment, and modifications committed to conference: Maloney, Carolyn B., Lynch, and Comer.
        </td>
      </tr>
      <tr>
        <td>
          2020-11-18
        </td>
        <td>
          House
        </td>
        <td>
          ResolvingDifferences
        </td>
        <td>
          The Speaker appointed conferees - from the Committee on Natural Resources for consideration of secs. 601, 626, 627, 1744, 1794, 1795, 2834-36, subtitle E of title XXVIII of division B, and divisions O and P of the House bill, and secs. 315, 2861-63, 2887, 6081, and 7861 of the Senate amendment, and modifications committed to conference: Grijalva, Haaland, and Bishop (UT).
        </td>
      </tr>
      <tr>
        <td>
          2020-11-18
        </td>
        <td>
          House
        </td>
        <td>
          ResolvingDifferences
        </td>
        <td>
          The Speaker appointed conferees - from the Committee on the Judiciary for consideration of secs. 281, 540D, 814, 1055, 1215, 1299O-6, 1299T-4, 1299T-5, 1640A, 1731, 1733, 1762, and 1763 of the House bill, and secs. 1296 and 6088 of the Senate amendment, and modifications committed to conference: Nadler, Mucarsel-Powell, and Steube.
        </td>
      </tr>
      <tr>
        <td>
          2020-11-18
        </td>
        <td>
          House
        </td>
        <td>
          ResolvingDifferences
        </td>
        <td>
          The Speaker appointed conferees - from the Committee on House Administration for consideration of secs. 536, 1101, and 1751 of the House bill, and modifications committed to conference: Lofgren, Fudge, and Davis, Rodney.
        </td>
      </tr>
      <tr>
        <td>
          2020-11-18
        </td>
        <td>
          House
        </td>
        <td>
          ResolvingDifferences
        </td>
        <td>
          The Speaker appointed conferees - from the Committee on Homeland Security for consideration of secs. 1630, 1631, 1637, 1640A, 1640D, 1640F, 1760, 1784, 1793, 1804, and 9508 of the House bill, and secs. 6088, 6096D, 6613, and 6614 of the Senate amendment, and modifications committed to conference: Torres Small (NM), Slotkin, and Green (TN).
        </td>
      </tr>
      <tr>
        <td>
          2020-11-18
        </td>
        <td>
          House
        </td>
        <td>
          ResolvingDifferences
        </td>
        <td>
          The Speaker appointed conferees - from the Committee on Foreign Affairs for consideration of secs. 213, 843, subtitle C of title XI of division A, secs. 1202, 1203, 1207, 1221-24, 1231-33, 1238, 1248, 1249, 1251, 1260D, 1260E, 1261, 1266, 1272-74, 1276, 1280, 1286, 1290-92, 1294, 1296, 1299, 1299B, 1299G, 1299H, 1299K, subititles H-K of title XII of division A, secs. 1299Q-1, 1299Q-2, subtitle M of title XII of division A, secs. 1299T-4, 1299T-5, 1521, 1640F, 1659, 1757, 1759, 1823, and division I of the House bill, and secs. 1201-03, 1205-07, 1210, 1213, subtitle C of title XII and division A, secs. 1231-33, 1236, 1240, 1241, 1251, 1253-56, 1263, 1281, 1283, 1286, 1287, subtitle H of title XII of division A, subtitle C of title XV of division A, sec. 1661, title XVII of division A, secs. 6231, 6251, 6284, 6286, 6293-96, 6299, 6299A, 6299B, 6299D, and 6299F of the Senate amendment, and modifications committed to conference: Engel, Sherman, and McCaul.
        </td>
      </tr>
      <tr>
        <td>
          2020-11-18
        </td>
        <td>
          House
        </td>
        <td>
          ResolvingDifferences
        </td>
        <td>
          The Speaker appointed conferees - from the Committee on Financial Services for consideration of secs. 902, 1248, 1249, 1299R-9, 1768, 1776, 1779, 1790, 1792, 1798, 1803, 1808, 1812, subtitles H and I of title XVII of division A, and divisions G, J, K, and M of the House bill, and secs. 1706-10 and 6231 of the Senate amendment, and modifications committed to conference: Waters, Vargas, and Luetkemeyer.
        </td>
      </tr>
      <tr>
        <td>
          2020-11-18
        </td>
        <td>
          House
        </td>
        <td>
          ResolvingDifferences
        </td>
        <td>
          The Speaker appointed conferees - from the Committee on Energy and Commerce for consideration of secs. 223, 229, 332, 335, 535, 540H, 601, 705, 736, 1299N-2, 1641, 1760, 1761, 1772, 1793, 1821, 1823, 1824, 2835, 3201, 3511, 3601, 5101-04, 5109, 10306, and 11206 of the House bill, and secs. 311, 319, 703, 1053, 1091, 1092, 1094, 1098, 1099, 2841, 3121, 3125, 3131, 3132, 5239, 6082-84, subtitle I of title LX of division E, secs. 6299F, 6614, 6704, and 6706 of the Senate amendment and modifications committed to conference: Pallone, DeGette, and Walden.
        </td>
      </tr>
      <tr>
        <td>
          2020-11-18
        </td>
        <td>
          House
        </td>
        <td>
          ResolvingDifferences
        </td>
        <td>
          The Speaker appointed conferees - from the Committee on Education and Labor for the consideration of secs. 212, 279, 569, 570, 1110, 1791, 1797, 1833, and 1834 of the House bill, and secs. 516, 561-63, 565, 566, 1090, 5211, 6047, 6091, and 6615 of the Senate amendment, and modifications committed to conference: Scott (VA), Trahan, and Guthrie.
        </td>
      </tr>
      <tr>
        <td>
          2020-11-18
        </td>
        <td>
          House
        </td>
        <td>
          ResolvingDifferences
        </td>
        <td>
          The Speaker appointed conferees - from the Committee on the Budget for consideration of secs. 1002 and 8003 of the House bill, and secs. 4, 126, and 1086 of the Senate amendment, and modifications committed to conference: Morelle, Horsford, and Stewart.
        </td>
      </tr>
      <tr>
        <td>
          2020-11-18
        </td>
        <td>
          House
        </td>
        <td>
          ResolvingDifferences
        </td>
        <td>
          The Speaker appointed conferees - from the Committee on Agriculture for consideration of secs. 3601 and 3602 of the House bill, and sec. 1053 of the Senate amendment, and modifications committed to conference: Peterson, Spanberger, and Conaway.
        </td>
      </tr>
      <tr>
        <td>
          2020-11-18
        </td>
        <td>
          House
        </td>
        <td>
          ResolvingDifferences
        </td>
        <td>
          The Speaker appointed conferees - from the Permanent Select Committee on Intelligence for consideration of matters within the jurisdiction of that committee under clause 11 of rule X: Schiff, Sewell (AL), and Nunes.
        </td>
      </tr>
      <tr>
        <td>
          2020-11-18
        </td>
        <td>
          House
        </td>
        <td>
          ResolvingDifferences
        </td>
        <td>
          The Speaker appointed conferees - from the Committee on Armed Services for consideration of the House bill and the Senate amendment, and for modifications committed to conference: Smith of Washington, Davis of California, Langevin, Larsen of Washington, Cooper, Courtney, Garamendi, Speier, Norcross, Gallego, Moulton, Carbajal, Brown of Maryland, Khanna, Keating, Vela, Kim, Kendra S. Horn of Oklahoma, Cisneros, Thornberry, Wilson of South Carolina, Turner, Rogers of Alabama, Lamborn, Wittman, Hartzler, Austin Scott of Georgia, Stefanik, Kelly of Mississippi, Gallagher, Bacon, and Banks.
        </td>
      </tr>
      <tr>
        <td>
          2020-11-18
        </td>
        <td>
          House
        </td>
        <td>
          ResolvingDifferences
        </td>
        <td>
          Motion to reconsider laid on the table Agreed to without objection.
        </td>
      </tr>
      <tr>
        <td>
          2020-11-18
        </td>
        <td>
          House
        </td>
        <td>
          ResolvingDifferences
        </td>
        <td>
          On motion to close portions of the conference Agreed to by the Yeas and Nays: 396 - 8 (Roll no. 222).
        </td>
      </tr>
      <tr>
        <td>
          2020-11-18
        </td>
        <td>
          House
        </td>
        <td>
          ResolvingDifferences
        </td>
        <td>
          Mr. Smith (WA) moved to close portions of the conference.
        </td>
      </tr>
      <tr>
        <td>
          2020-11-18
        </td>
        <td>
          House
        </td>
        <td>
          ResolvingDifferences
        </td>
        <td>
          On motion that the House disagree to the Senate amendment, and request a conference Agreed to without objection.
        </td>
      </tr>
      <tr>
        <td>
          2020-11-18
        </td>
        <td>
          House
        </td>
        <td>
          ResolvingDifferences
        </td>
        <td>
          Mr. Smith (WA) asked unanimous consent that the House disagree to the Senate amendment, and request a conference.
        </td>
      </tr>
      <tr>
        <td>
          2020-11-17
        </td>
        <td>
          Senate
        </td>
        <td>
          Floor
        </td>
        <td>
          Message on Senate action sent to the House.
        </td>
      </tr>
      <tr>
        <td>
          2020-11-16
        </td>
        <td>
          Senate
        </td>
        <td>
          Floor
        </td>
        <td>
          Passed Senate with an amendment by Voice Vote.
        </td>
      </tr>
      <tr>
        <td>
          2020-11-16
        </td>
        <td>
          Senate
        </td>
        <td>
          Floor
        </td>
        <td>
          Measure laid before Senate by unanimous consent.
        </td>
      </tr>
      <tr>
        <td>
          2020-11-16
        </td>
        <td>
          Senate
        </td>
        <td>
          Floor
        </td>
        <td>
          Passed Senate with an amendment by Voice Vote. (text of amendment in the nature of a substitute: CR S6723-6974)
        </td>
      </tr>
      <tr>
        <td>
          2020-11-16
        </td>
        <td>
          Senate
        </td>
        <td>
          Floor
        </td>
        <td>
          Measure laid before Senate by unanimous consent. (consideration: CR S6688)
        </td>
      </tr>
      <tr>
        <td>
          2020-08-05
        </td>
        <td>
          Senate
        </td>
        <td>
          Calendars
        </td>
        <td>
          Read twice. Placed on Senate Legislative Calendar under General Orders. Calendar No. 505.
        </td>
      </tr>
      <tr>
        <td>
          2020-08-04
        </td>
        <td>
          Senate
        </td>
        <td>
          IntroReferral
        </td>
        <td>
          Received in the Senate.
        </td>
      </tr>
      <tr>
        <td>
          2020-07-21
        </td>
        <td>
          House
        </td>
        <td>
          Floor
        </td>
        <td>
          Mr. Green (TN) moved to recommit with instructions to the Committee on Armed Services. (text: CR H3603-3604)
        </td>
      </tr>
      <tr>
        <td>
          2020-07-21
        </td>
        <td>
          House
        </td>
        <td>
          Floor
        </td>
        <td>
          Considered as unfinished business. (consideration: CR H3598-3607)
        </td>
      </tr>
      <tr>
        <td>
          2020-07-21
        </td>
        <td>
          House
        </td>
        <td>
          Floor
        </td>
        <td>
          The title of the measure was amended. Agreed to without objection.
        </td>
      </tr>
      <tr>
        <td>
          2020-07-21
        </td>
        <td>
          House
        </td>
        <td>
          Floor
        </td>
        <td>
          The Clerk was authorized to correct section numbers, punctuation, and cross references, and to make other necessary technical and conforming corrections in the engrossment of H.R. 6395.
        </td>
      </tr>
      <tr>
        <td>
          2020-07-21
        </td>
        <td>
          House
        </td>
        <td>
          Floor
        </td>
        <td>
          Motion to reconsider laid on the table Agreed to without objection.
        </td>
      </tr>
      <tr>
        <td>
          2020-07-21
        </td>
        <td>
          House
        </td>
        <td>
          Floor
        </td>
        <td>
          On passage Passed by the Yeas and Nays: 295 - 125 (Roll no. 152).
        </td>
      </tr>
      <tr>
        <td>
          2020-07-21
        </td>
        <td>
          House
        </td>
        <td>
          Floor
        </td>
        <td>
          On motion to recommit with instructions Failed by the Yeas and Nays: 201 - 219 (Roll no. 151).
        </td>
      </tr>
      <tr>
        <td>
          2020-07-21
        </td>
        <td>
          House
        </td>
        <td>
          Floor
        </td>
        <td>
          The previous question on the motion to recommit with instructions was ordered without objection.
        </td>
      </tr>
      <tr>
        <td>
          2020-07-21
        </td>
        <td>
          House
        </td>
        <td>
          Floor
        </td>
        <td>
          DEBATE - The House proceeded with 10 minutes of debate on the Green (TN) motion to recommit with instructions pending the reservation of a point of order. The instructions contained in the motion seek to require the bill to be reported back to the House with an amendment to at the end of title XVII, add a new subtitle entitled 'Defend COVID Research From Hackers Act'. Subsequently, the point of order was withdrawn.
        </td>
      </tr>
      <tr>
        <td>
          2020-07-21
        </td>
        <td>
          House
        </td>
        <td>
          Floor
        </td>
        <td>
          Mr. Green (TN) moved to recommit with instructions to the Committee on Armed Services.
        </td>
      </tr>
      <tr>
        <td>
          2020-07-21
        </td>
        <td>
          House
        </td>
        <td>
          Floor
        </td>
        <td>
          The previous question was ordered pursuant to the rule.
        </td>
      </tr>
      <tr>
        <td>
          2020-07-21
        </td>
        <td>
          House
        </td>
        <td>
          Floor
        </td>
        <td>
          Without objection, a motion to reconsider was laid upon the table
        </td>
      </tr>
      <tr>
        <td>
          2020-07-21
        </td>
        <td>
          House
        </td>
        <td>
          Floor
        </td>
        <td>
          Considered as unfinished business.
        </td>
      </tr>
      <tr>
        <td>
          2020-07-21
        </td>
        <td>
          House
        </td>
        <td>
          Floor
        </td>
        <td>
          Pursuant to clause 1(c) of Rule XIX, the House resumed consideration of H.R. 6395.
        </td>
      </tr>
      <tr>
        <td>
          2020-07-20
        </td>
        <td>
          House
        </td>
        <td>
          Floor
        </td>
        <td>
          Considered as unfinished business. (consideration: CR H3503-3513)
        </td>
      </tr>
      <tr>
        <td>
          2020-07-20
        </td>
        <td>
          House
        </td>
        <td>
          Floor
        </td>
        <td>
          Considered under the provisions of rule H. Res. 1053. (consideration: CR H3114-3503)
        </td>
      </tr>
      <tr>
        <td>
          2020-07-20
        </td>
        <td>
          House
        </td>
        <td>
          Floor
        </td>
        <td>
          Pursuant to clause 1(c) of Rule XIX, further proceedings on H.R. 6395 were postponed.
        </td>
      </tr>
      <tr>
        <td>
          2020-07-20
        </td>
        <td>
          House
        </td>
        <td>
          Floor
        </td>
        <td>
          Without objection, a motion to reconsider was laid upon the table
        </td>
      </tr>
      <tr>
        <td>
          2020-07-20
        </td>
        <td>
          House
        </td>
        <td>
          Floor
        </td>
        <td>
          DEBATE - Pursuant to the provisions of H. Res. 1053, the House proceeded with 30 minutes of debate on the Smith (WA) amendment en bloc No. 2.
        </td>
      </tr>
      <tr>
        <td>
          2020-07-20
        </td>
        <td>
          House
        </td>
        <td>
          Floor
        </td>
        <td>
          DEBATE - Pursuant to the provisions of H. Res. 1053, the House proceeded with 10 minutes of debate on the Panetta amendment No. 167.
        </td>
      </tr>
      <tr>
        <td>
          2020-07-20
        </td>
        <td>
          House
        </td>
        <td>
          Floor
        </td>
        <td>
          POSTPONED PROCEEDINGS - At the conclusion of debate on the Takano amendment No. 29, the Chair put the question on adoption of the amendment, and by voice vote, announced that the ayes had prevailed. Ms. Foxx (NC) demanded the yeas and nays and the Chair postponed further proceedings on the amendment until a time to be announced.
        </td>
      </tr>
      <tr>
        <td>
          2020-07-20
        </td>
        <td>
          House
        </td>
        <td>
          Floor
        </td>
        <td>
          DEBATE - Pursuant to the provisions of H. Res. 1053, the House proceeded with 10 minutes of debate on the Takano amendment No. 29.
        </td>
      </tr>
      <tr>
        <td>
          2020-07-20
        </td>
        <td>
          House
        </td>
        <td>
          Floor
        </td>
        <td>
          Without objection, a motion to reconsider was laid upon the table.
        </td>
      </tr>
      <tr>
        <td>
          2020-07-20
        </td>
        <td>
          House
        </td>
        <td>
          Floor
        </td>
        <td>
          DEBATE - Pursuant to the provisions of H. Res. 1053, the House proceeded with 10 minutes of debate on the Houlahan amendment No. 19.
        </td>
      </tr>
      <tr>
        <td>
          2020-07-20
        </td>
        <td>
          House
        </td>
        <td>
          Floor
        </td>
        <td>
          DEBATE - Pursuant to the provisions of H. Res. 1053, the House proceeded with 10 minutes of debate on the Adams amendment No. 17.
        </td>
      </tr>
      <tr>
        <td>
          2020-07-20
        </td>
        <td>
          House
        </td>
        <td>
          Floor
        </td>
        <td>
          DEBATE - Pursuant to the provisions of H. Res. 1053, the House proceeded with 10 minutes of debate on the Gallego amendment No. 13.
        </td>
      </tr>
      <tr>
        <td>
          2020-07-20
        </td>
        <td>
          House
        </td>
        <td>
          Floor
        </td>
        <td>
          UNFINISHED BUSINESS - The Chair announced that the unfinished business was the question on adoption of the Escobar amendment which had been debated earlier and on which further proceedings had been postponed.
        </td>
      </tr>
      <tr>
        <td>
          2020-07-20
        </td>
        <td>
          House
        </td>
        <td>
          Floor
        </td>
        <td>
          Considered as unfinished business.
        </td>
      </tr>
      <tr>
        <td>
          2020-07-20
        </td>
        <td>
          House
        </td>
        <td>
          Floor
        </td>
        <td>
          POSTPONED PROCEEDINGS - Pursuant to clause 1(c) of Rule XIX, further proceedings on H.R. 6395 were postponed.
        </td>
      </tr>
      <tr>
        <td>
          2020-07-20
        </td>
        <td>
          House
        </td>
        <td>
          Floor
        </td>
        <td>
          POSTPONED PROCEEDINGS - At the conclusion of debate on the Smith (WA) amendment en bloc No. 1, the Chair put the question on adoption of the amendment, and by voice vote, announced that the ayes had prevailed. Mr. Massie demanded the yeas and nays and the Chair postponed further proceedings on the amendment until a time to be announced.
        </td>
      </tr>
      <tr>
        <td>
          2020-07-20
        </td>
        <td>
          House
        </td>
        <td>
          Floor
        </td>
        <td>
          DEBATE - Pursuant to the provisions of H. Res. 1053, the House proceeded with 30 minutes of debate on the Smith (WA) amendment en bloc No. 1.
        </td>
      </tr>
      <tr>
        <td>
          2020-07-20
        </td>
        <td>
          House
        </td>
        <td>
          Floor
        </td>
        <td>
          POSTPONED PROCEEDINGS - At the conclusion of debate on the Dean amendment No. 11, the Chair put the question on adoption of the amendment, and by voice vote, announced that the ayes had prevailed. Mr. Luetkemeyer demanded the yeas and nays and the Chair postponed further proceedings on the amendment until a time to be announced.
        </td>
      </tr>
      <tr>
        <td>
          2020-07-20
        </td>
        <td>
          House
        </td>
        <td>
          Floor
        </td>
        <td>
          DEBATE - Pursuant to the provisions of H. Res. 1053, the House proceeded with 10 minutes of debate on the Dean amendment No. 11.
        </td>
      </tr>
      <tr>
        <td>
          2020-07-20
        </td>
        <td>
          House
        </td>
        <td>
          Floor
        </td>
        <td>
          POSTPONED PROCEEDINGS - At the conclusion of debate on the Pocan amendment No. 9, the Chair put the question on adoption of the amendment, and by voice vote, announced that the ayes had prevailed. Mr. Thornberry demanded the yeas and nays and the Chair postponed further proceedings on the amendment until a time to be announced.
        </td>
      </tr>
      <tr>
        <td>
          2020-07-20
        </td>
        <td>
          House
        </td>
        <td>
          Floor
        </td>
        <td>
          DEBATE - Pursuant to the provisions of H. Res. 1053, the House proceeded with 10 minutes of debate on the Pocan amendment No. 9.
        </td>
      </tr>
      <tr>
        <td>
          2020-07-20
        </td>
        <td>
          House
        </td>
        <td>
          Floor
        </td>
        <td>
          POSTPONED PROCEEDINGS - At the conclusion of debate on the Neguse amendment No. 8, the Chair put the question on adoption of the amendment, and by voice vote, announced that the ayes had prevailed. Mr. Gosar demanded the yeas and nays and the Chair postponed further proceedings on the amendment until a time to be announced.
        </td>
      </tr>
      <tr>
        <td>
          2020-07-20
        </td>
        <td>
          House
        </td>
        <td>
          Floor
        </td>
        <td>
          DEBATE - Pursuant to the provisions of H. Res. 1053, the House proceeded with 10 minutes of debate on the Neguse amendment No. 8.
        </td>
      </tr>
      <tr>
        <td>
          2020-07-20
        </td>
        <td>
          House
        </td>
        <td>
          Floor
        </td>
        <td>
          POSTPONED PROCEEDINGS - At the conclusion of debate on the DeGette amendment No. 7, the Chair put the question on adoption of the amendment, and by voice vote, announced that the ayes had prevailed. Mr. Lamborn demanded the yeas and nays and the Chair postponed further proceedings on the amendment until a time to be announced.
        </td>
      </tr>
      <tr>
        <td>
          2020-07-20
        </td>
        <td>
          House
        </td>
        <td>
          Floor
        </td>
        <td>
          DEBATE - Pursuant to the provisions of H. Res. 1053, the House proceeded with 10 minutes of debate on the DeGette amendment No. 7.
        </td>
      </tr>
      <tr>
        <td>
          2020-07-20
        </td>
        <td>
          House
        </td>
        <td>
          Floor
        </td>
        <td>
          POSTPONED PROCEEDINGS - At the conclusion of debate on the Jayapal amendment No. 6, the Chair put the question on adoption of the amendment, and by voice vote, announced that the ayes had prevailed. Mr. Thornberry demanded the yeas and nays and the Chair postponed further proceedings on the amendment until a time to be announced.
        </td>
      </tr>
      <tr>
        <td>
          2020-07-20
        </td>
        <td>
          House
        </td>
        <td>
          Floor
        </td>
        <td>
          DEBATE - Pursuant to the provisions of H. Res. 1053, the House proceeded with 10 minutes of debate on the Jayapal amendment No. 6.
        </td>
      </tr>
      <tr>
        <td>
          2020-07-20
        </td>
        <td>
          House
        </td>
        <td>
          Floor
        </td>
        <td>
          POSTPONED PROCEEDINGS - At the conclusion of debate on the Omar amendment No. 5, the Chair put the question on adoption of the amendment, and by voice vote, announced that the ayes had prevailed. Mr. Thornberry demanded the yeas and nays and the Chair postponed further proceedings on the amendment until a time to be announced.
        </td>
      </tr>
      <tr>
        <td>
          2020-07-20
        </td>
        <td>
          House
        </td>
        <td>
          Floor
        </td>
        <td>
          DEBATE - Pursuant to the provisions of H. Res. 1053, the House proceeded with 10 minutes of debate on the Omar amendment No. 5.
        </td>
      </tr>
      <tr>
        <td>
          2020-07-20
        </td>
        <td>
          House
        </td>
        <td>
          Floor
        </td>
        <td>
          POSTPONED PROCEEDINGS - At the conclusion of debate on the McAdams amendment No. 4, the Chair put the question on adoption of the amendment, and by voice vote, announced that the ayes had prevailed. Mr. Thornberry demanded the yeas and nays and the Chair postponed further proceedings on the amendment until a time to be announced.
        </td>
      </tr>
      <tr>
        <td>
          2020-07-20
        </td>
        <td>
          House
        </td>
        <td>
          Floor
        </td>
        <td>
          DEBATE - Pursuant to the provisions of H. Res. 1053, the House proceeded with 10 minutes of debate on the McAdams amendment No. 4.
        </td>
      </tr>
      <tr>
        <td>
          2020-07-20
        </td>
        <td>
          House
        </td>
        <td>
          Floor
        </td>
        <td>
          POSTPONED PROCEEDINGS - At the conclusion of debate on the Escobar amendment No. 3, the Chair put the question on adoption of the amendment, and by voice vote, announced that the ayes had prevailed. Mr. Lamborn demanded the yeas and nays and the Chair postponed further proceedings on the amendment until a time to be announced.
        </td>
      </tr>
      <tr>
        <td>
          2020-07-20
        </td>
        <td>
          House
        </td>
        <td>
          Floor
        </td>
        <td>
          DEBATE - Pursuant to the provisions of H. Res. 1053, the House proceeded with 10 minutes of debate on the Escobar amendment No. 3.
        </td>
      </tr>
      <tr>
        <td>
          2020-07-20
        </td>
        <td>
          House
        </td>
        <td>
          Floor
        </td>
        <td>
          DEBATE - The House proceeded with one hour of debate on H.R. 6395.
        </td>
      </tr>
      <tr>
        <td>
          2020-07-20
        </td>
        <td>
          House
        </td>
        <td>
          Floor
        </td>
        <td>
          Rule provides for consideration of H.R. 6395, H.R. 7027, H.R. 7327 and H.R. 1957. Provides for the consideration of H.R. 6395, H.R. 7027, H.R. 7327, and the Senate Amendments to H.R. 1957. Rule also provides that H.Res. 967, as amended by H.Res. 1017, is further amended by inserting a new date.
        </td>
      </tr>
      <tr>
        <td>
          2020-07-20
        </td>
        <td>
          House
        </td>
        <td>
          Floor
        </td>
        <td>
          Considered under the provisions of rule H. Res. 1053.
        </td>
      </tr>
      <tr>
        <td>
          2020-07-20
        </td>
        <td>
          House
        </td>
        <td>
          Floor
        </td>
        <td>
          Rules Committee Resolution H. Res. 1053 Reported to House. Rule provides for consideration of H.R. 6395, H.R. 7027, H.R. 7327 and H.R. 1957. Provides for the consideration of H.R. 6395, H.R. 7027, H.R. 7327, and the Senate Amendments to H.R. 1957. Rule also provides that H.Res. 967, as amended by H.Res. 1017, is further amended by inserting a new date.
        </td>
      </tr>
      <tr>
        <td>
          2020-07-16
        </td>
        <td>
          House
        </td>
        <td>
          Committee
        </td>
        <td>
          Supplemental report filed by the Committee on Armed Services, H. Rept. 116-442, Part II.
        </td>
      </tr>
      <tr>
        <td>
          2020-07-16
        </td>
        <td>
          House
        </td>
        <td>
          Floor
        </td>
        <td>
          The Chair announced that the Committee on Armed Services was authorized to file a supplemental report on the bill H.R. 6395. Agreed to without objection.
        </td>
      </tr>
      <tr>
        <td>
          2020-07-09
        </td>
        <td>
          House
        </td>
        <td>
          Calendars
        </td>
        <td>
          Placed on the Union Calendar, Calendar No. 354.
        </td>
      </tr>
      <tr>
        <td>
          2020-07-09
        </td>
        <td>
          House
        </td>
        <td>
          Committee
        </td>
        <td>
          Reported (Amended) by the Committee on Armed Services. H. Rept. 116-442.
        </td>
      </tr>
      <tr>
        <td>
          2020-07-01
        </td>
        <td>
          House
        </td>
        <td>
          Committee
        </td>
        <td>
          Ordered to be Reported (Amended) by the Yeas and Nays: 56 - 0.
        </td>
      </tr>
      <tr>
        <td>
          2020-07-01
        </td>
        <td>
          House
        </td>
        <td>
          Committee
        </td>
        <td>
          Committee Consideration and Mark-up Session Held.
        </td>
      </tr>
      <tr>
        <td>
          2020-06-23
        </td>
        <td>
          House
        </td>
        <td>
          Committee
        </td>
        <td>
          Forwarded by Subcommittee to Full Committee by Voice Vote .
        </td>
      </tr>
      <tr>
        <td>
          2020-06-23
        </td>
        <td>
          House
        </td>
        <td>
          Committee
        </td>
        <td>
          Subcommittee Consideration and Mark-up Session Held.
        </td>
      </tr>
      <tr>
        <td>
          2020-06-23
        </td>
        <td>
          House
        </td>
        <td>
          Committee
        </td>
        <td>
          Forwarded by Subcommittee to Full Committee (Amended) by Voice Vote .
        </td>
      </tr>
      <tr>
        <td>
          2020-06-22
        </td>
        <td>
          House
        </td>
        <td>
          Committee
        </td>
        <td>
          Forwarded by Subcommittee to Full Committee by Voice Vote .
        </td>
      </tr>
      <tr>
        <td>
          2020-06-22
        </td>
        <td>
          House
        </td>
        <td>
          Committee
        </td>
        <td>
          Subcommittee Consideration and Mark-up Session Held.
        </td>
      </tr>
      <tr>
        <td>
          2020-03-27
        </td>
        <td>
          House
        </td>
        <td>
          Committee
        </td>
        <td>
          Referred to the Subcommittee on Tactical Air and Land Forces.
        </td>
      </tr>
      <tr>
        <td>
          2020-03-27
        </td>
        <td>
          House
        </td>
        <td>
          Committee
        </td>
        <td>
          Referred to the Subcommittee on Strategic Forces.
        </td>
      </tr>
      <tr>
        <td>
          2020-03-27
        </td>
        <td>
          House
        </td>
        <td>
          Committee
        </td>
        <td>
          Referred to the Subcommittee on Seapower and Projection Forces.
        </td>
      </tr>
      <tr>
        <td>
          2020-03-27
        </td>
        <td>
          House
        </td>
        <td>
          Committee
        </td>
        <td>
          Referred to the Subcommittee on Readiness.
        </td>
      </tr>
      <tr>
        <td>
          2020-03-27
        </td>
        <td>
          House
        </td>
        <td>
          Committee
        </td>
        <td>
          Referred to the Subcommittee on Military Personnel.
        </td>
      </tr>
      <tr>
        <td>
          2020-03-27
        </td>
        <td>
          House
        </td>
        <td>
          Committee
        </td>
        <td>
          Referred to the Subcommittee on Intelligence and Emerging Threats and Capabilities.
        </td>
      </tr>
      <tr>
        <td>
          2020-03-26
        </td>
        <td>
          House
        </td>
        <td>
          IntroReferral
        </td>
        <td>
          Referred to the House Committee on Armed Services.
        </td>
      </tr>
    </tbody>
  </table>
</DocumentFragment>
`;

exports[`renders without crashing and matches snapshot 2`] = `
<DocumentFragment>
  <table
    class="table table-light table-striped table-bordered table-hover"
  >
    <thead>
      <tr>
        <td>
          Date
        </td>
        <td>
          Question
        </td>
        <td>
          Chamber
        </td>
        <td>
          Yes Votes
        </td>
        <td>
          No Votes
        </td>
        <td>
          Not Voting
        </td>
        <td>
          Result
        </td>
      </tr>
    </thead>
    <tbody>
      <tr>
        <td>
          2020-12-28
        </td>
        <td>
          On Passage, Objections of the President to the Contrary Notwithstanding
        </td>
        <td>
          House
        </td>
        <td>
          322
        </td>
        <td>
          87
        </td>
        <td>
          21
        </td>
        <td>
          Passed
        </td>
      </tr>
      <tr>
        <td>
          2020-12-08
        </td>
        <td>
          On Agreeing to the Conference Report
        </td>
        <td>
          House
        </td>
        <td>
          335
        </td>
        <td>
          78
        </td>
        <td>
          16
        </td>
        <td>
          Passed
        </td>
      </tr>
      <tr>
        <td>
          2020-11-18
        </td>
        <td>
          On Closing Portions of the Conference
        </td>
        <td>
          House
        </td>
        <td>
          396
        </td>
        <td>
          8
        </td>
        <td>
          26
        </td>
        <td>
          Passed
        </td>
      </tr>
      <tr>
        <td>
          2020-07-21
        </td>
        <td>
          On Passage
        </td>
        <td>
          House
        </td>
        <td>
          295
        </td>
        <td>
          125
        </td>
        <td>
          11
        </td>
        <td>
          Passed
        </td>
      </tr>
      <tr>
        <td>
          2020-07-21
        </td>
        <td>
          On Motion to Recommit with Instructions
        </td>
        <td>
          House
        </td>
        <td>
          201
        </td>
        <td>
          219
        </td>
        <td>
          11
        </td>
        <td>
          Failed
        </td>
      </tr>
      <tr>
        <td>
          2020-07-21
        </td>
        <td>
          On Agreeing to the Amendment
        </td>
        <td>
          House
        </td>
        <td>
          232
        </td>
        <td>
          184
        </td>
        <td>
          15
        </td>
        <td>
          Agreed to
        </td>
      </tr>
      <tr>
        <td>
          2020-07-21
        </td>
        <td>
          On Agreeing to the Amendment
        </td>
        <td>
          House
        </td>
        <td>
          217
        </td>
        <td>
          198
        </td>
        <td>
          16
        </td>
        <td>
          Agreed to
        </td>
      </tr>
      <tr>
        <td>
          2020-07-21
        </td>
        <td>
          On Agreeing to the Amendment
        </td>
        <td>
          House
        </td>
        <td>
          93
        </td>
        <td>
          324
        </td>
        <td>
          14
        </td>
        <td>
          Failed
        </td>
      </tr>
      <tr>
        <td>
          2020-07-21
        </td>
        <td>
          On Agreeing to the Amendment
        </td>
        <td>
          House
        </td>
        <td>
          234
        </td>
        <td>
          181
        </td>
        <td>
          16
        </td>
        <td>
          Agreed to
        </td>
      </tr>
      <tr>
        <td>
          2020-07-21
        </td>
        <td>
          On Agreeing to the Amendment
        </td>
        <td>
          House
        </td>
        <td>
          234
        </td>
        <td>
          179
        </td>
        <td>
          18
        </td>
        <td>
          Agreed to
        </td>
      </tr>
      <tr>
        <td>
          2020-07-21
        </td>
        <td>
          On Agreeing to the Amendment
        </td>
        <td>
          House
        </td>
        <td>
          173
        </td>
        <td>
          241
        </td>
        <td>
          17
        </td>
        <td>
          Failed
        </td>
      </tr>
      <tr>
        <td>
          2020-07-21
        </td>
        <td>
          On Agreeing to the Amendment
        </td>
        <td>
          House
        </td>
        <td>
          129
        </td>
        <td>
          284
        </td>
        <td>
          18
        </td>
        <td>
          Failed
        </td>
      </tr>
      <tr>
        <td>
          2020-07-20
        </td>
        <td>
          On Agreeing to the Amendment
        </td>
        <td>
          House
        </td>
        <td>
          336
        </td>
        <td>
          71
        </td>
        <td>
          23
        </td>
        <td>
          Agreed to
        </td>
      </tr>
      <tr>
        <td>
          2020-07-20
        </td>
        <td>
          On Agreeing to the Amendment
        </td>
        <td>
          House
        </td>
        <td>
          227
        </td>
        <td>
          179
        </td>
        <td>
          24
        </td>
        <td>
          Agreed to
        </td>
      </tr>
      <tr>
        <td>
          2020-07-20
        </td>
        <td>
          On Agreeing to the Amendment
        </td>
        <td>
          House
        </td>
        <td>
          215
        </td>
        <td>
          190
        </td>
        <td>
          25
        </td>
        <td>
          Agreed to
        </td>
      </tr>
      <tr>
        <td>
          2021-01-01
        </td>
        <td>
          On Overriding the Veto
        </td>
        <td>
          Senate
        </td>
        <td>
          81
        </td>
        <td>
          13
        </td>
        <td>
          6
        </td>
        <td>
          Veto Overridden
        </td>
      </tr>
      <tr>
        <td>
          2021-01-01
        </td>
        <td>
          On the Cloture Motion
        </td>
        <td>
          Senate
        </td>
        <td>
          80
        </td>
        <td>
          12
        </td>
        <td>
          8
        </td>
        <td>
          Cloture Motion Agreed to
        </td>
      </tr>
      <tr>
        <td>
          2020-12-30
        </td>
        <td>
          On the Motion to Proceed
        </td>
        <td>
          Senate
        </td>
        <td>
          80
        </td>
        <td>
          12
        </td>
        <td>
          8
        </td>
        <td>
          Motion to Proceed Agreed to
        </td>
      </tr>
      <tr>
        <td>
          2020-12-11
        </td>
        <td>
          On the Conference Report
        </td>
        <td>
          Senate
        </td>
        <td>
          84
        </td>
        <td>
          13
        </td>
        <td>
          3
        </td>
        <td>
          Conference Report Agreed to
        </td>
      </tr>
      <tr>
        <td>
          2020-12-11
        </td>
        <td>
          On the Cloture Motion
        </td>
        <td>
          Senate
        </td>
        <td>
          84
        </td>
        <td>
          13
        </td>
        <td>
          3
        </td>
        <td>
          Cloture Motion Agreed to
        </td>
      </tr>
    </tbody>
  </table>
</DocumentFragment>
`;

exports[`renders without crashing and matches snapshot 3`] = `
<DocumentFragment>
  <div
    class="container"
  >
    <div
      class="row"
    >
      <div
        class="col"
      >
        <h3>
          H.R.6395: To authorize appropriations for fiscal year 2021 for military activities of the Department of Defense and for military construction, to prescribe military personnel strengths for such fiscal year, and for other purposes.
        </h3>
      </div>
    </div>
  </div>
</DocumentFragment>
`;
